========================================
==> testcase2
========================================
gcc -std=c11 -Wall -Wextra -O2 -Iinclude -c -o src/pd_parser.lp.o src/pd_parser.c
g++ -std=c++17 -Wall -Wextra -O2 -Iinclude -c -o src/main.o src/main.cpp
g++ -std=c++17 -Wall -Wextra -O2 -Iinclude -c -o src/lp_score.o src/lp_score.cpp
g++ -std=c++17 -Wall -Wextra -O2 -Iinclude -c -o src/setup_lp_solve.o src/setup_lp_solve.cpp
g++ -std=c++17 -Wall -Wextra -O2 -Iinclude -c -o verify/verify_metrics.o verify/verify_metrics.cpp
src/pd_parser.c: In function ‘parse_delay_rpt’:
src/pd_parser.c:340:17: warning: ‘__builtin_strncpy’ output may be truncated copying 127 bytes from a string of length 127 [-Wstringop-truncation]
  340 |                 strncpy(path_row->launch, launch, PD_MAX_NAME - 1);
      |                 ^
src/pd_parser.c:341:17: warning: ‘__builtin_strncpy’ output may be truncated copying 127 bytes from a string of length 127 [-Wstringop-truncation]
  341 |                 strncpy(path_row->capture, capture, PD_MAX_NAME - 1);
      |                 ^
src/pd_parser.c: In function ‘pd_load_design_with_structure’:
src/pd_parser.c:94:13: warning: ‘__builtin_strncpy’ output may be truncated copying 127 bytes from a string of length 127 [-Wstringop-truncation]
   94 |             strncpy(cur->name, name, PD_MAX_NAME - 1);
      |             ^
src/pd_parser.c:238:13: warning: ‘__builtin_strncpy’ output may be truncated copying 127 bytes from a string of length 127 [-Wstringop-truncation]
  238 |             strncpy(node->name, name, PD_MAX_NAME - 1);
      |             ^
src/pd_parser.c:239:13: warning: ‘__builtin_strncpy’ output may be truncated copying 127 bytes from a string of length 127 [-Wstringop-truncation]
  239 |             strncpy(node->cell, cell, PD_MAX_NAME - 1);
      |             ^
g++ -std=c++17 -Wall -Wextra -O2 -Iinclude -o verify/verify_metrics ./src/pd_parser.lp.o ./src/pd_util.lp.o ./src/pd_clock.lp.o ./src/pd_timing.lp.o ./src/pd_output.lp.o verify/verify_metrics.o src/lp_score.o -lm
g++ -std=c++17 -Wall -Wextra -O2 -Iinclude -o sa_solver ./src/pd_parser.lp.o ./src/pd_util.lp.o ./src/pd_clock.lp.o ./src/pd_timing.lp.o ./src/pd_output.lp.o src/main.o src/lp_branch.o src/lp_score.o src/lp_buffer_dp.o src/sa_eval.o src/setup_lp_solve.o src/sa_apply.o -lm
==> Running sa_solver (timeout: 600s)
=== sa_solver (new_attempt topo + FF-gap SA) ===
Input folder: testcase/testcase2
Total limit : 600.0 sec | SA phase: 180.0 sec
DP max delay: 0.1280
=== baseline (ori) ===
SS setup WNS : -0.302000  TNS : -98.697600
FF hold  WNS : -0.029800  TNS : -0.103400
Score (timing only, no area): 0.000000
Solver: setup_topo_ff_sa(stall) (status=0, iters=11097, elapsed=44.1s)
=== after optimize (from delay) ===
SS setup WNS : -0.041700  TNS : -8.438100
FF hold  WNS : -0.018200  TNS : -0.035300
Score (timing only, no area): 2.824295
Wrote result/testcase2/modified_clk_tree.structure
/home/blooming_iris/program/EDA/CadContest/ProblemD/scripts/run_and_verify.sh: line 37: unexpected EOF while looking for matching `"'

========================================
==> testcase3
========================================
gcc -std=c11 -Wall -Wextra -O2 -Iinclude -c -o src/pd_parser.lp.o src/pd_parser.c
g++ -std=c++17 -Wall -Wextra -O2 -Iinclude -c -o src/main.o src/main.cpp
g++ -std=c++17 -Wall -Wextra -O2 -Iinclude -c -o src/lp_score.o src/lp_score.cpp
g++ -std=c++17 -Wall -Wextra -O2 -Iinclude -c -o src/setup_lp_solve.o src/setup_lp_solve.cpp
g++ -std=c++17 -Wall -Wextra -O2 -Iinclude -c -o verify/verify_metrics.o verify/verify_metrics.cpp
src/pd_parser.c: In function ‘parse_delay_rpt’:
src/pd_parser.c:340:17: warning: ‘__builtin_strncpy’ output may be truncated copying 127 bytes from a string of length 127 [-Wstringop-truncation]
  340 |                 strncpy(path_row->launch, launch, PD_MAX_NAME - 1);
      |                 ^
src/pd_parser.c:341:17: warning: ‘__builtin_strncpy’ output may be truncated copying 127 bytes from a string of length 127 [-Wstringop-truncation]
  341 |                 strncpy(path_row->capture, capture, PD_MAX_NAME - 1);
      |                 ^
src/pd_parser.c: In function ‘pd_load_design_with_structure’:
src/pd_parser.c:94:13: warning: ‘__builtin_strncpy’ output may be truncated copying 127 bytes from a string of length 127 [-Wstringop-truncation]
   94 |             strncpy(cur->name, name, PD_MAX_NAME - 1);
      |             ^
src/pd_parser.c:238:13: warning: ‘__builtin_strncpy’ output may be truncated copying 127 bytes from a string of length 127 [-Wstringop-truncation]
  238 |             strncpy(node->name, name, PD_MAX_NAME - 1);
      |             ^
src/pd_parser.c:239:13: warning: ‘__builtin_strncpy’ output may be truncated copying 127 bytes from a string of length 127 [-Wstringop-truncation]
  239 |             strncpy(node->cell, cell, PD_MAX_NAME - 1);
      |             ^
g++ -std=c++17 -Wall -Wextra -O2 -Iinclude -o verify/verify_metrics ./src/pd_parser.lp.o ./src/pd_util.lp.o ./src/pd_clock.lp.o ./src/pd_timing.lp.o ./src/pd_output.lp.o verify/verify_metrics.o src/lp_score.o -lm
g++ -std=c++17 -Wall -Wextra -O2 -Iinclude -o sa_solver ./src/pd_parser.lp.o ./src/pd_util.lp.o ./src/pd_clock.lp.o ./src/pd_timing.lp.o ./src/pd_output.lp.o src/main.o src/lp_branch.o src/lp_score.o src/lp_buffer_dp.o src/sa_eval.o src/setup_lp_solve.o src/sa_apply.o -lm
==> Running sa_solver
=== sa_solver (new_attempt topo + FF-gap SA) ===
Input folder: testcase/testcase3
Total limit : 600.0 sec | SA phase: 180.0 sec
DP max delay: 0.1280
=== baseline (ori) ===
SS setup WNS : -0.459400  TNS : -374.232900
FF hold  WNS : -0.107800  TNS : -1.024300
Score (timing only, no area): 0.000000
